digraph structs {
  node [shape=record];
  cl0 [label="{className1 | {} | {}}"];
  cl1 [label="{secondClassName | {} | {}}"];
}
