digraph structs {
  node [shape=record];
  cl0 [label="{className1 | {- c1 resp1} | {}}"];
  cl1 [label="{className2 | {- c2 resp1} | {}}"];

}
