digraph structs {
  node [shape=record];
  cl0 [label="{className1: \"some text\" | {- c1 resp1\lsecond line\l- c1 resp2 | className2\l\l}}"];
  cl1 [label="{className2 | {- c2 \\resp1\lsecond line\l- c2 resp2 | \l\la1}}"];

  cl0 -> cl1 [dir=both]
}
