digraph structs {
  node [shape=record];
  cl0 [label="{className1 | {- c1 resp1 | }}"];

}
