digraph structs {
  node [shape=record];
  cl0 [label="{className1 | {- c1 resp1\l- c1 resp2 | className2\lclassName2}}"];
  cl1 [label="{className2 | {- c2 resp1\l- c2 resp2 | \lclassName3}}"];
  cl2 [label="{className3 | {- c3 resp1\l- c3 resp2 | className1\l}}"];

  cl0 --> cl1
  cl1 --> cl2
  cl2 --> cl0
}
