DEBUG: generated dot diagram
digraph structs {
  node [shape=record];

}
